Kelo model pipeline, 2026-09-30T12:51:55.715Z

== 1. normalize
{"sourceHeight":1.903,"scale":0.6307,"feetCentre":[0.006,0.219],"triangles":145814,"meshes":1}
== normalize done in 0.1s

== 2. rig
{"heightM":1.2,"feetBackZ":-0.1426,"crotchY":0.12,"legX":0.1184,"neckY":0.66,"neckHalfWidth":0.2208,"torsoFrontZ":0.1797,"headCenterY":0.852,"headHalfWidth":0.3203,"snoutTip":[0,0.831,0.406],"mouthY":0.801,"hand":[0.338,0.4032,-0.0335],"tailTip":[0,0.1686,-0.6863],"tailCurve":[[-0.1926,0.3872],[-0.2544,0.2408],[-0.3161,0.1911],[-0.3778,0.161],[-0.4395,0.1415],[-0.5012,0.1305],[-0.5629,0.1397],[-0.6246,0.1525],[-0.6863,0.1628]]}
== rig done in 0.1s

== 3. body
$ /home/runner/blender/blender -b --factory-startup --python-exit-code 1 -P scripts/blender/body.py -- --root /home/runner/work/kelor.mascot/kelor.mascot --out build/model
12:51:57 | INFO: Data are loaded, start creating Blender stuff
12:51:57 | INFO: Blender create Mesh node output_unwrapped
12:51:58 | INFO: glTF import finished in 0.31s
[body     0.5s] source: 145814 faces, 1 material(s)
[body     1.6s] volume: 97946 faces at 0.006 m voxels, 0 non-manifold edges, symmetric=True
[body     1.7s] polished 97574 vertices over 12 passes: mean 0.39 mm, max 2.66 mm
wrong init 125041 150930!
Traceback (most recent call last):
  File "/home/runner/work/kelor.mascot/kelor.mascot/scripts/blender/body.py", line 666, in <module>
    main()
    ~~~~^^
  File "/home/runner/work/kelor.mascot/kelor.mascot/scripts/blender/body.py", line 608, in main
    low, triangles = retopologise(
                     ~~~~~~~~~~~~^
        volume,
        ^^^^^^^
    ...<3 lines>...
        f"body_{tier}",
        ^^^^^^^^^^^^^^^
    )
    ^
  File "/home/runner/work/kelor.mascot/kelor.mascot/scripts/blender/body.py", line 208, in retopologise
    result = bpy.ops.object.quadriflow_remesh(
        mode="FACES",
    ...<5 lines>...
        seed=0,
    )
RuntimeError: Error: QuadriFlow: Remeshing failed


Error: script failed, file: 'scripts/blender/body.py', exiting.
Error: QuadriFlow: Remeshing failed
Blender 5.2.2 LTS (hash d13f752e3b9c built 2026-09-15 01:34:58)

Blender quit

FAILED: scripts/blender/body.py exited with 1
